Collecting nltk
  Downloading nltk-3.10.3-py3-none-any.whl.metadata (3.2 kB)
Collecting fastapi
  Downloading fastapi-0.141.1-py3-none-any.whl.metadata (27 kB)
Collecting uvicorn
  Downloading uvicorn-0.52.4-py3-none-any.whl.metadata (6.6 kB)
Collecting pydantic
  Downloading pydantic-2.13.5-py3-none-any.whl.metadata (110 kB)
Collecting defusedxml (from nltk)
  Downloading defusedxml-0.7.1-py2.py3-none-any.whl.metadata (32 kB)
Collecting click (from nltk)
  Downloading click-8.5.0-py3-none-any.whl.metadata (2.6 kB)
Collecting joblib (from nltk)
  Downloading joblib-1.6.0-py3-none-any.whl.metadata (6.5 kB)
Collecting regex>=2021.8.3 (from nltk)
  Downloading regex-2026.9.3-cp312-cp312-macosx_11_0_arm64.whl.metadata (40 kB)
Collecting tqdm (from nltk)
  Downloading tqdm-4.70.0-py3-none-any.whl.metadata (57 kB)
Collecting starlette>=0.46.0 (from fastapi)
  Downloading starlette-1.6.0-py3-none-any.whl.metadata (6.4 kB)
Collecting typing-extensions>=4.8.0 (from fastapi)
  Downloading typing_extensions-4.16.0-py3-none-any.whl.metadata (3.3 kB)
Collecting typing-inspection>=0.4.2 (from fastapi)
  Downloading typing_inspection-0.4.4-py3-none-any.whl.metadata (2.6 kB)
Collecting annotated-doc>=0.0.2 (from fastapi)
  Downloading annotated_doc-0.0.5-py3-none-any.whl.metadata (6.5 kB)
Collecting h11>=0.8 (from uvicorn)
  Downloading h11-0.16.0-py3-none-any.whl.metadata (8.3 kB)
Collecting annotated-types>=0.6.0 (from pydantic)
  Downloading annotated_types-0.8.0-py3-none-any.whl.metadata (15 kB)
Collecting pydantic-core==2.46.5 (from pydantic)
  Downloading pydantic_core-2.46.5-cp312-cp312-macosx_11_0_arm64.whl.metadata (6.6 kB)
Collecting anyio<5,>=3.6.2 (from starlette>=0.46.0->fastapi)
  Downloading anyio-4.15.1-py3-none-any.whl.metadata (4.7 kB)
Collecting cloudpickle>=3.0 (from joblib->nltk)
  Downloading cloudpickle-3.1.2-py3-none-any.whl.metadata (7.1 kB)
Collecting idna>=2.8 (from anyio<5,>=3.6.2->starlette>=0.46.0->fastapi)
  Downloading idna-3.19-py3-none-any.whl.metadata (9.2 kB)
Downloading nltk-3.10.3-py3-none-any.whl (1.8 MB)
   ━━━━━━━━━━━━━━━━━━━━━━━━━━━━━━━━━━━━━━━━ 1.8/1.8 MB 1.9 MB/s eta 0:00:00
Downloading fastapi-0.141.1-py3-none-any.whl (131 kB)
Downloading uvicorn-0.52.4-py3-none-any.whl (79 kB)
Downloading pydantic-2.13.5-py3-none-any.whl (472 kB)
Downloading pydantic_core-2.46.5-cp312-cp312-macosx_11_0_arm64.whl (1.9 MB)
   ━━━━━━━━━━━━━━━━━━━━━━━━━━━━━━━━━━━━━━━━ 1.9/1.9 MB 2.9 MB/s eta 0:00:00
Downloading annotated_doc-0.0.5-py3-none-any.whl (5.3 kB)
Downloading annotated_types-0.8.0-py3-none-any.whl (13 kB)
Downloading click-8.5.0-py3-none-any.whl (125 kB)
Downloading h11-0.16.0-py3-none-any.whl (37 kB)
Downloading regex-2026.9.3-cp312-cp312-macosx_11_0_arm64.whl (292 kB)
Downloading starlette-1.6.0-py3-none-any.whl (75 kB)
Downloading typing_extensions-4.16.0-py3-none-any.whl (45 kB)
Downloading typing_inspection-0.4.4-py3-none-any.whl (14 kB)
Downloading defusedxml-0.7.1-py2.py3-none-any.whl (25 kB)
Downloading joblib-1.6.0-py3-none-any.whl (306 kB)
Downloading tqdm-4.70.0-py3-none-any.whl (80 kB)
Downloading anyio-4.15.1-py3-none-any.whl (132 kB)
Downloading cloudpickle-3.1.2-py3-none-any.whl (22 kB)
Downloading idna-3.19-py3-none-any.whl (68 kB)
Installing collected packages: typing-extensions, tqdm, regex, idna, h11, defusedxml, cloudpickle, click, annotated-types, annotated-doc, uvicorn, typing-inspection, pydantic-core, joblib, anyio, starlette, pydantic, nltk, fastapi
Successfully installed annotated-doc-0.0.5 annotated-types-0.8.0 anyio-4.15.1 click-8.5.0 cloudpickle-3.1.2 defusedxml-0.7.1 fastapi-0.141.1 h11-0.16.0 idna-3.19 joblib-1.6.0 nltk-3.10.3 pydantic-2.13.5 pydantic-core-2.46.5 regex-2026.9.3 starlette-1.6.0 tqdm-4.70.0 typing-extensions-4.16.0 typing-inspection-0.4.4 uvicorn-0.52.4
